[www.otekit.com/en.html]
[backblue.gif]
[fade.gif]
[index.html]
[otekit.com/img/site_intro_en.jpg]
[use.fontawesome.com/releases/v5.6.3/css/all.css]
[cdn.jsdelivr.net/gh/konpa/devicon@df6431e323547add1b4cf45992913f15286456d3/devicon.min.css]
[www.otekit.com/index.html]
[www.otekit.com/about]
[www.otekit.com/en/about.html]
[www.otekit.com/services]
[www.otekit.com/en/services.html]
[www.otekit.com/en/our-projects.html]
[www.otekit.com/contact]
[www.otekit.com/en/contact.html]
[www.otekit.com/privacy-policy]
[www.otekit.com/en/privacy-policy.html]
[www.otekit.com/blog]
[www.otekit.com/faq]
[www.otekit.com/ar.html]
[www.otekit.com/img/posts/mit.jpg]
[www.otekit.com/blog/1.22.delayed]
[www.otekit.com/img/posts/yemenreads.jpg]
[www.otekit.com/blog/2]
[www.otekit.com/img/posts/liu.jpg]
[www.otekit.com/blog/3.26.delayed]
[www.otekit.com/img/image_contents/home_testimonials_en.png]
[www.otekit.com/js/plugins.js]
[www.otekit.com/js/particler.js]
[www.otekit.com/js/TweenMax.min.js]
[www.otekit.com/js/idangerous.swiper.min.js]
[www.otekit.com/en.html]
[www.otekit.com/fonts/cloudicon/Cloudicond171.eot]
[www.otekit.com/fonts/cloudicon/Cloudicond171.ttf]
[www.otekit.com/fonts/cloudicon/Cloudicond171.woff]
[www.otekit.com/fonts/cloudicon/cloudicon.css]
[use.fontawesome.com/releases/v5.6.3/css/all.css]
[cdn.jsdelivr.net/gh/konpa/devicon@df6431e323547add1b4cf45992913f15286456d3/fonts/devicond2ef.eot]
[cdn.jsdelivr.net/gh/konpa/devicon@df6431e323547add1b4cf45992913f15286456d3/fonts/devicond41d.eot]
[cdn.jsdelivr.net/gh/konpa/devicon@df6431e323547add1b4cf45992913f15286456d3/fonts/devicond2ef.woff]
[cdn.jsdelivr.net/gh/konpa/devicon@df6431e323547add1b4cf45992913f15286456d3/fonts/devicond2ef.ttf]
[cdn.jsdelivr.net/gh/konpa/devicon@df6431e323547add1b4cf45992913f15286456d3/devicon.min.css]
[cdn.jsdelivr.net/gh/konpa/devicon@df6431e323547add1b4cf45992913f15286456d3/fonts/devicond2ef.svg]
[www.otekit.com/css/owl.video.play.3a.delayed]
[www.otekit.com/img/drag.png]
[www.otekit.com/css/plugins.css]
[www.otekit.com/img/topbanner01.jpg]
[www.otekit.com/img/topbanner02.jpg]
[www.otekit.com/img/topbanner03.jpg]
[www.otekit.com/img/topbanner04.jpg]
[www.otekit.com/img/topbanner05.jpg]
[www.otekit.com/img/topbanner06.jpg]
[www.otekit.com/img/topbanner07.jpg]
[www.otekit.com/img/topbanner08.jpg]
[www.otekit.com/img/topbanner09.jpg]
[www.otekit.com/img/topbanner10.jpg]
[www.otekit.com/img/topbanner11.jpg]
[www.otekit.com/img/ajax-loader.gif]
[www.otekit.com/img/arrow-left-2.png]
[www.otekit.com/img/arrow-left-2-act.png]
[www.otekit.com/img/arrow-right-2.png]
[www.otekit.com/img/arrow-right-2-act.55.delayed]
[www.otekit.com/css/app.css]
[www.otekit.com/index.html]
[www.otekit.com/img/logo.svg]
[www.otekit.com/ar/about.html]
[www.otekit.com/img/partners/moore-stephens-vector-logo.png]
[www.otekit.com/img/partners/liu.png]
[www.otekit.com/img/partners/intersos.png]
[www.otekit.com/img/partners/YMN.png]
[www.otekit.com/img/partners/yps_square_e.png]
[www.otekit.com/img/partners/daktoori.png]
[www.otekit.com/img/partners/yemenreads.png]
[www.otekit.com/img/partners/atheel.png]
[www.otekit.com/img/partners/efficiency.png]
[www.otekit.com/img/partners/ghadah.png]
[www.otekit.com/img/partners/rrdf.png]
[www.otekit.com/js/jquery.circliful.min.js]
[www.otekit.com/js/jquery.countdown.js]
[www.otekit.com/js/slick.min.js]
[www.otekit.com/en/about.html]
[www.otekit.com/ar/services.html]
[www.otekit.com/js/owl.carousel.min.js]
[www.otekit.com/en/services.html]
[www.otekit.com/fonts/svg/browser.svg]
[www.otekit.com/ar/our-projects.html]
[www.otekit.com/img/projects/daktoori.jpg]
[www.otekit.com/img/projects/tebyan.jpg]
[www.otekit.com/img/projects/liu.jpg]
[www.otekit.com/img/projects/unfpa.jpg]
[www.otekit.com/img/projects/consultant.jpg]
[www.otekit.com/img/projects/moorestephens.jpg]
[www.otekit.com/img/projects/rrdf.jpg]
[www.otekit.com/img/projects/picture_1557955328_UtCJc_atheelmedical.png]
[www.otekit.com/img/projects/picture_1558569231_me4T9_sa-tc.png]
[www.otekit.com/img/projects/picture_1558569573_8WiFK_alyamani.png]
[www.otekit.com/img/projects/picture_1558570438_nw2YG_almokbily.png]
[www.otekit.com/img/projects/picture_1558570817_gPjID_efficiency.png]
[www.otekit.com/img/projects/picture_1601923312_kbOSC_screenshot-20200719-.jpg]
[www.otekit.com/img/projects/picture_1601925509_qFlTZ_blumen.png]
[www.otekit.com/img/projects/picture_1601925795_oWeTc_moore.png]
[www.otekit.com/img/projects/picture_1602609330_UqYOk_ymn.jpg]
[www.otekit.com/img/projects/picture_1602610239_fv7Xs_bankqita.jpg]
[www.otekit.com/img/projects/picture_1609700354_YmUZ3_hdp.png]
[www.otekit.com/img/projects/bluemencoffee.png]
[www.otekit.com/img/projects/cacbank.png]
[www.otekit.com/img/projects/Rumman.png]
[www.otekit.com/img/projects/picture_1613641596_RNT7o_miilionsolutions.png]
[www.otekit.com/img/projects/picture_1613641949_BqzA8_yemenreeds.png]
[www.otekit.com/img/projects/picture_1630356206_6QzqS_liu.png]
[www.otekit.com/img/projects/picture_1630354069_TIEMQ_parcelcab.png]
[www.otekit.com/img/projects/picture_1630354423_J2Gyi_mosala.png]
[www.otekit.com/img/projects/picture_1630356655_3fTBR_yecap.png]
[www.otekit.com/img/projects/picture_1637351255_4d8IG_million-solutions.png]
[www.otekit.com/img/projects/picture_1637592838_ejiJe_sparebankbg.png]
[www.otekit.com/img/projects/picture_1640685698_ZNzSH_alwatania.png]
[www.otekit.com/img/projects/picture_1649972928_rv1H5_secureway-1-.png]
[www.otekit.com/img/projects/picture_1649974277_VYuSJ_-.png]
[www.otekit.com/img/projects/picture_1649979634_DrHSu_20220415-022625.jpg]
[www.otekit.com/js/typed.js]
[www.otekit.com/js/isotope.min.js]
[www.otekit.com/js/jquery.magnific-popup.min.js]
[www.otekit.com/en/our-projects.html]
[www.otekit.com/fonts/svg/technology.svg]
[www.otekit.com/fonts/svg/managedserver.svg]
[www.otekit.com/fonts/svg/designed.svg]
[www.otekit.com/fonts/svg/emailopen.svg]
[www.otekit.com/ar/contact.html]
[www.otekit.com/en/contact.html]
[www.otekit.com/fonts/svg/compare.svg]
[www.otekit.com/en/privacy-policy.html]
[www.otekit.com/fonts/svg/blog.svg]
[www.otekit.com/fonts/svg/question.svg]
[www.otekit.com/ar/privacy-policy.html]
[www.otekit.com/blog.html]
[www.otekit.com/faq.html]
[otekit.com/img/site_intro_ar.a7.delayed]
[www.otekit.com/img/image_contents/home_testimonials_ar.png]
[www.otekit.com/ar.html]
[www.otekit.com/patterns/balancing2.svg]
[www.otekit.com/patterns/map2.svg]
[www.otekit.com/fonts/svg/code.svg]
[www.otekit.com/img/logo-light.svg]
[www.otekit.com/fonts/svg/private.svg]
[www.otekit.com/fonts/svg/glasses.svg]
[www.otekit.com/fonts/svg/layers.svg]
[www.otekit.com/img/symbol.svg]
[www.otekit.com/fonts/svg/favorite.svg]
[www.otekit.com/fonts/cloudicon/Cloudicond171.svg]
[www.otekit.com/blog/2.html]
[cdn.jsdelivr.net/gh/konpa/devicon@df6431e323547add1b4cf45992913f15286456d3/fonts/devicond2ef.svg]
[www.otekit.com/img/filter/cd-icon-arrow.svg]
[www.otekit.com/img/filter/cd-icon-check.svg]
[www.otekit.com/patterns/exapath2.svg]
[www.otekit.com/patterns/cpupath2.svg]
[www.otekit.com/patterns/motpath2.svg]
[www.otekit.com/patterns/promopath2.svg]
[www.otekit.com/patterns/exapath-w2.svg]
[www.otekit.com/patterns/cpupath-w2.svg]
[www.otekit.com/patterns/motpath-w2.svg]
[www.otekit.com/patterns/promo-w2.svg]
[www.otekit.com/ar/about.html]
[www.otekit.com/fonts/svg/woman.svg]
[www.otekit.com/fonts/svg/rack.svg]
[www.otekit.com/img/team/osama.svg]
[www.otekit.com/img/team/aiman.svg]
[www.otekit.com/img/team/kamal.svg]
[www.otekit.com/patterns/scalable2.svg]
[www.otekit.com/patterns/exapath.svg]
[www.otekit.com/fonts/svg/medal.svg]
[www.otekit.com/fonts/svg/helpdesk.svg]
[www.otekit.com/ar/services.html]
[www.otekit.com/img/arrow-left-2-act.html]
[www.otekit.com/img/arrow-left-2.html]
[www.otekit.com/img/arrow-right-2.html]
[www.otekit.com/patterns/voip2.svg]
[www.otekit.com/patterns/iptvdevices2.svg]
[www.otekit.com/patterns/emailsync.svg]
[www.otekit.com/patterns/mobile.svg]
[www.otekit.com/patterns/support.svg]
[www.otekit.com/patterns/controlpanel.svg]
[www.otekit.com/patterns/domainmanage.svg]
[www.otekit.com/patterns/ssl.svg]
[www.otekit.com/ar/our-projects.html]
[www.otekit.com/patterns/rack.svg]
[www.otekit.com/patterns/hostingpanel.svg]
[www.otekit.com/patterns/domains.svg]
[www.otekit.com/patterns/os2.svg]
[www.otekit.com/ar/contact.html]
[www.otekit.com/fonts/svg/email.svg]
[www.otekit.com/fonts/svg/location.svg]
[www.otekit.com/fonts/svg/phone.svg]
[www.otekit.com/patterns/voice2.svg]
[www.otekit.com/ar/privacy-policy.html]
[www.otekit.com/img/arrow-left-2.html]
[www.otekit.com/blog.html]
[www.otekit.com/faq.html]
[www.otekit.com/blog/2.html]
[www.otekit.com/patterns/voip.svg]
[www.otekit.com/blog.html]
[www.otekit.com/faq.html]
[www.otekit.com/blog/1.html]
[www.otekit.com/blog/2.html]
[www.otekit.com/blog/3.html]
[www.otekit.com/css/owl.video.play.html]
[www.otekit.com/img/arrow-left-2.html]
[www.otekit.com/img/arrow-left-2-act.html]
[www.otekit.com/img/arrow-left-2-act.html]
[www.otekit.com/img/arrow-right-2.html]
[www.otekit.com/img/arrow-right-2.html]
[www.otekit.com/img/arrow-right-2-act.html]
[otekit.com/img/site_intro_ar.html]
